============================================================
MANUAL ATTENDANCE MODE - API VERIFICATION
============================================================

[1] GET /api/subjects/
    Status: 200
    Subjects found: 11
      - AI (id=4, type=theory)
      - AI (id=6, type=theory)
      - Cloud Computing Lab (id=7, type=practical)

[2] GET /api/attendance/syllabus-all/?subject_id=7  (PREVIOUSLY BROKEN)
    Status: 200  <-- Was 500 before fix!
    Experiments found: 5
      - Experiment 1 ù Perform case study on Hosted Virtualization (Virtual Box), Bare Metal Virtualization (ESXI) and VMWare
      - Experiment 2 ù Configure and use Hosted Virtualization (Virtual Box) and create Virtual Machine
      - Experiment 3 ù Install and Configure Google App Engine

[3] GET /api/attendance/syllabus-all/?subject_id=4  (EMPTY SUBJECT)
    Status: 200
    Items: 0 <-- Triggers 'No Syllabus Found' UI

[4] GET /api/attendance/check-existing/?subject_id=7&experiment_id=1&date=2026-03-31
    Status: 200
    Exists: True

[5] GET /api/students/?subject_id=7
    Status: 200
    Students found: 26
      - Aarav Patil
      - Aditya Patil
      - Ajinkya Patil

[6] POST /api/attendance/mark/ (CREATE MODE)
    Status: 200
    Response: {'message': 'Attendance marked successfully', 'count': 2}

[7] GET check-existing (SHOULD BE TRUE NOW)
    Exists: True
    Records: 2

[8] POST /api/attendance/mark/ (UPDATE/EDIT MODE)
    Status: 200
    Response: {'message': 'Attendance marked successfully', 'count': 2} <-- Edit mode works!

============================================================
ALL API ENDPOINTS VERIFIED SUCCESSFULLY
============================================================
